[2026-02-24 01:07:43] local.ERROR: could not find driver (Connection: pgsql, Host: db.btyqfzahbdmgvooriiis.supabase.co, Port: 5432, Database: postgres, SQL: delete from "cache") {"exception":"[object] (Illuminate\\Database\\QueryException(code: 0): could not find driver (Connection: pgsql, Host: db.btyqfzahbdmgvooriiis.supabase.co, Port: 5432, Database: postgres, SQL: delete from \"cache\") at C:/Users/pinhe/OneDrive/Documentos 1/Projetos/lexie_v2/api/vendor/laravel/framework/src/Illuminate/Database/Connection.php:838)
[stacktrace]
#0 C:/Users/pinhe/OneDrive/Documentos 1/Projetos/lexie_v2/api/vendor/laravel/framework/src/Illuminate/Database/Connection.php(794): Illuminate/Database/Connection->runQueryCallback('delete from \"ca...', Array, Object(Closure))
#1 C:/Users/pinhe/OneDrive/Documentos 1/Projetos/lexie_v2/api/vendor/laravel/framework/src/Illuminate/Database/Connection.php(597): Illuminate/Database/Connection->run('delete from \"ca...', Array, Object(Closure))
#2 C:/Users/pinhe/OneDrive/Documentos 1/Projetos/lexie_v2/api/vendor/laravel/framework/src/Illuminate/Database/Connection.php(561): Illuminate/Database/Connection->affectingStatement('delete from \"ca...', Array)
#3 C:/Users/pinhe/OneDrive/Documentos 1/Projetos/lexie_v2/api/vendor/laravel/framework/src/Illuminate/Database/Query/Builder.php(4359): Illuminate/Database/Connection->delete('delete from \"ca...', Array)
#4 C:/Users/pinhe/OneDrive/Documentos 1/Projetos/lexie_v2/api/vendor/laravel/framework/src/Illuminate/Cache/DatabaseStore.php(423): Illuminate/Database/Query/Builder->delete()
#5 C:/Users/pinhe/OneDrive/Documentos 1/Projetos/lexie_v2/api/vendor/laravel/framework/src/Illuminate/Cache/Repository.php(962): Illuminate/Cache/DatabaseStore->flush()
#6 C:/Users/pinhe/OneDrive/Documentos 1/Projetos/lexie_v2/api/vendor/laravel/framework/src/Illuminate/Cache/Console/ClearCommand.php(68): Illuminate/Cache/Repository->__call('flush', Array)
#7 C:/Users/pinhe/OneDrive/Documentos 1/Projetos/lexie_v2/api/vendor/laravel/framework/src/Illuminate/Container/BoundMethod.php(36): Illuminate/Cache/Console/ClearCommand->handle()
#8 C:/Users/pinhe/OneDrive/Documentos 1/Projetos/lexie_v2/api/vendor/laravel/framework/src/Illuminate/Container/Util.php(43): Illuminate/Container/BoundMethod::{closure:Illuminate/Container/BoundMethod::call():35}()
#9 C:/Users/pinhe/OneDrive/Documentos 1/Projetos/lexie_v2/api/vendor/laravel/framework/src/Illuminate/Container/BoundMethod.php(96): Illuminate/Container/Util::unwrapIfClosure(Object(Closure))
#10 C:/Users/pinhe/OneDrive/Documentos 1/Projetos/lexie_v2/api/vendor/laravel/framework/src/Illuminate/Container/BoundMethod.php(35): Illuminate/Container/BoundMethod::callBoundMethod(Object(Illuminate/Foundation/Application), Array, Object(Closure))
#11 C:/Users/pinhe/OneDrive/Documentos 1/Projetos/lexie_v2/api/vendor/laravel/framework/src/Illuminate/Container/Container.php(799): Illuminate/Container/BoundMethod::call(Object(Illuminate/Foundation/Application), Array, Array, NULL)
#12 C:/Users/pinhe/OneDrive/Documentos 1/Projetos/lexie_v2/api/vendor/laravel/framework/src/Illuminate/Console/Command.php(211): Illuminate/Container/Container->call(Array)
#13 C:/Users/pinhe/OneDrive/Documentos 1/Projetos/lexie_v2/api/vendor/symfony/console/Command/Command.php(341): Illuminate/Console/Command->execute(Object(Symfony/Component/Console/Input/ArrayInput), Object(Illuminate/Console/OutputStyle))
#14 C:/Users/pinhe/OneDrive/Documentos 1/Projetos/lexie_v2/api/vendor/laravel/framework/src/Illuminate/Console/Command.php(180): Symfony/Component/Console/Command/Command->run(Object(Symfony/Component/Console/Input/ArrayInput), Object(Illuminate/Console/OutputStyle))
#15 C:/Users/pinhe/OneDrive/Documentos 1/Projetos/lexie_v2/api/vendor/laravel/framework/src/Illuminate/Console/Concerns/CallsCommands.php(68): Illuminate/Console/Command->run(Object(Symfony/Component/Console/Input/ArrayInput), Object(Symfony/Component/Console/Output/NullOutput))
#16 C:/Users/pinhe/OneDrive/Documentos 1/Projetos/lexie_v2/api/vendor/laravel/framework/src/Illuminate/Console/Concerns/CallsCommands.php(41): Illuminate/Console/Command->runCommand('cache:clear', Array, Object(Symfony/Component/Console/Output/NullOutput))
#17 C:/Users/pinhe/OneDrive/Documentos 1/Projetos/lexie_v2/api/vendor/laravel/framework/src/Illuminate/Console/Concerns/CallsCommands.php(53): Illuminate/Console/Command->callSilent('cache:clear', Array)
#18 C:/Users/pinhe/OneDrive/Documentos 1/Projetos/lexie_v2/api/vendor/laravel/framework/src/Illuminate/Foundation/Console/OptimizeClearCommand.php(48): Illuminate/Console/Command->callSilently('cache:clear')
#19 C:/Users/pinhe/OneDrive/Documentos 1/Projetos/lexie_v2/api/vendor/laravel/framework/src/Illuminate/Console/View/Components/Task.php(41): Illuminate/Foundation/Console/OptimizeClearCommand->{closure:Illuminate/Foundation/Console/OptimizeClearCommand::handle():48}()
#20 C:/Users/pinhe/OneDrive/Documentos 1/Projetos/lexie_v2/api/vendor/laravel/framework/src/Illuminate/Console/View/Components/Factory.php(59): Illuminate/Console/View/Components/Task->render('cache', Object(Closure))
#21 C:/Users/pinhe/OneDrive/Documentos 1/Projetos/lexie_v2/api/vendor/laravel/framework/src/Illuminate/Foundation/Console/OptimizeClearCommand.php(48): Illuminate/Console/View/Components/Factory->__call('task', Array)
#22 C:/Users/pinhe/OneDrive/Documentos 1/Projetos/lexie_v2/api/vendor/laravel/framework/src/Illuminate/Container/BoundMethod.php(36): Illuminate/Foundation/Console/OptimizeClearCommand->handle()
#23 C:/Users/pinhe/OneDrive/Documentos 1/Projetos/lexie_v2/api/vendor/laravel/framework/src/Illuminate/Container/Util.php(43): Illuminate/Container/BoundMethod::{closure:Illuminate/Container/BoundMethod::call():35}()
#24 C:/Users/pinhe/OneDrive/Documentos 1/Projetos/lexie_v2/api/vendor/laravel/framework/src/Illuminate/Container/BoundMethod.php(96): Illuminate/Container/Util::unwrapIfClosure(Object(Closure))
#25 C:/Users/pinhe/OneDrive/Documentos 1/Projetos/lexie_v2/api/vendor/laravel/framework/src/Illuminate/Container/BoundMethod.php(35): Illuminate/Container/BoundMethod::callBoundMethod(Object(Illuminate/Foundation/Application), Array, Object(Closure))
#26 C:/Users/pinhe/OneDrive/Documentos 1/Projetos/lexie_v2/api/vendor/laravel/framework/src/Illuminate/Container/Container.php(799): Illuminate/Container/BoundMethod::call(Object(Illuminate/Foundation/Application), Array, Array, NULL)
#27 C:/Users/pinhe/OneDrive/Documentos 1/Projetos/lexie_v2/api/vendor/laravel/framework/src/Illuminate/Console/Command.php(211): Illuminate/Container/Container->call(Array)
#28 C:/Users/pinhe/OneDrive/Documentos 1/Projetos/lexie_v2/api/vendor/symfony/console/Command/Command.php(341): Illuminate/Console/Command->execute(Object(Symfony/Component/Console/Input/ArgvInput), Object(Illuminate/Console/OutputStyle))
#29 C:/Users/pinhe/OneDrive/Documentos 1/Projetos/lexie_v2/api/vendor/laravel/framework/src/Illuminate/Console/Command.php(180): Symfony/Component/Console/Command/Command->run(Object(Symfony/Component/Console/Input/ArgvInput), Object(Illuminate/Console/OutputStyle))
#30 C:/Users/pinhe/OneDrive/Documentos 1/Projetos/lexie_v2/api/vendor/symfony/console/Application.php(1102): Illuminate/Console/Command->run(Object(Symfony/Component/Console/Input/ArgvInput), Object(Symfony/Component/Console/Output/ConsoleOutput))
#31 C:/Users/pinhe/OneDrive/Documentos 1/Projetos/lexie_v2/api/vendor/symfony/console/Application.php(356): Symfony/Component/Console/Application->doRunCommand(Object(Illuminate/Foundation/Console/OptimizeClearCommand), Object(Symfony/Component/Console/Input/ArgvInput), Object(Symfony/Component/Console/Output/ConsoleOutput))
#32 C:/Users/pinhe/OneDrive/Documentos 1/Projetos/lexie_v2/api/vendor/symfony/console/Application.php(195): Symfony/Component/Console/Application->doRun(Object(Symfony/Component/Console/Input/ArgvInput), Object(Symfony/Component/Console/Output/ConsoleOutput))
#33 C:/Users/pinhe/OneDrive/Documentos 1/Projetos/lexie_v2/api/vendor/laravel/framework/src/Illuminate/Foundation/Console/Kernel.php(198): Symfony/Component/Console/Application->run(Object(Symfony/Component/Console/Input/ArgvInput), Object(Symfony/Component/Console/Output/ConsoleOutput))
#34 C:/Users/pinhe/OneDrive/Documentos 1/Projetos/lexie_v2/api/vendor/laravel/framework/src/Illuminate/Foundation/Application.php(1235): Illuminate/Foundation/Console/Kernel->handle(Object(Symfony/Component/Console/Input/ArgvInput), Object(Symfony/Component/Console/Output/ConsoleOutput))
#35 C:/Users/pinhe/OneDrive/Documentos 1/Projetos/lexie_v2/api/artisan(16): Illuminate/Foundation/Application->handleCommand(Object(Symfony/Component/Console/Input/ArgvInput))
#36 {main}

[previous exception] [object] (PDOException(code: 0): could not find driver at C:/Users/pinhe/OneDrive/Documentos 1/Projetos/lexie_v2/api/vendor/laravel/framework/src/Illuminate/Database/Connectors/Connector.php:67)
[stacktrace]
#0 C:/Users/pinhe/OneDrive/Documentos 1/Projetos/lexie_v2/api/vendor/laravel/framework/src/Illuminate/Database/Connectors/Connector.php(67): PDO::connect('pgsql:host=db.b...', 'postgres', Object(SensitiveParameterValue), Array)
#1 C:/Users/pinhe/OneDrive/Documentos 1/Projetos/lexie_v2/api/vendor/laravel/framework/src/Illuminate/Database/Connectors/Connector.php(44): Illuminate/Database/Connectors/Connector->createPdoConnection('pgsql:host=db.b...', 'postgres', Object(SensitiveParameterValue), Array)
#2 C:/Users/pinhe/OneDrive/Documentos 1/Projetos/lexie_v2/api/vendor/laravel/framework/src/Illuminate/Database/Connectors/PostgresConnector.php(35): Illuminate/Database/Connectors/Connector->createConnection('pgsql:host=db.b...', Array, Array)
#3 C:/Users/pinhe/OneDrive/Documentos 1/Projetos/lexie_v2/api/vendor/laravel/framework/src/Illuminate/Database/Connectors/ConnectionFactory.php(186): Illuminate/Database/Connectors/PostgresConnector->connect(Array)
#4 [internal function]: Illuminate/Database/Connectors/ConnectionFactory->{closure:Illuminate/Database/Connectors/ConnectionFactory::createPdoResolverWithHosts():181}()
#5 C:/Users/pinhe/OneDrive/Documentos 1/Projetos/lexie_v2/api/vendor/laravel/framework/src/Illuminate/Database/Connection.php(1257): call_user_func(Object(Closure))
#6 C:/Users/pinhe/OneDrive/Documentos 1/Projetos/lexie_v2/api/vendor/laravel/framework/src/Illuminate/Database/Connection.php(605): Illuminate/Database/Connection->getPdo()
#7 C:/Users/pinhe/OneDrive/Documentos 1/Projetos/lexie_v2/api/vendor/laravel/framework/src/Illuminate/Database/Connection.php(827): Illuminate/Database/Connection->{closure:Illuminate/Database/Connection::affectingStatement():597}('delete from \"ca...', Array)
#8 C:/Users/pinhe/OneDrive/Documentos 1/Projetos/lexie_v2/api/vendor/laravel/framework/src/Illuminate/Database/Connection.php(794): Illuminate/Database/Connection->runQueryCallback('delete from \"ca...', Array, Object(Closure))
#9 C:/Users/pinhe/OneDrive/Documentos 1/Projetos/lexie_v2/api/vendor/laravel/framework/src/Illuminate/Database/Connection.php(597): Illuminate/Database/Connection->run('delete from \"ca...', Array, Object(Closure))
#10 C:/Users/pinhe/OneDrive/Documentos 1/Projetos/lexie_v2/api/vendor/laravel/framework/src/Illuminate/Database/Connection.php(561): Illuminate/Database/Connection->affectingStatement('delete from \"ca...', Array)
#11 C:/Users/pinhe/OneDrive/Documentos 1/Projetos/lexie_v2/api/vendor/laravel/framework/src/Illuminate/Database/Query/Builder.php(4359): Illuminate/Database/Connection->delete('delete from \"ca...', Array)
#12 C:/Users/pinhe/OneDrive/Documentos 1/Projetos/lexie_v2/api/vendor/laravel/framework/src/Illuminate/Cache/DatabaseStore.php(423): Illuminate/Database/Query/Builder->delete()
#13 C:/Users/pinhe/OneDrive/Documentos 1/Projetos/lexie_v2/api/vendor/laravel/framework/src/Illuminate/Cache/Repository.php(962): Illuminate/Cache/DatabaseStore->flush()
#14 C:/Users/pinhe/OneDrive/Documentos 1/Projetos/lexie_v2/api/vendor/laravel/framework/src/Illuminate/Cache/Console/ClearCommand.php(68): Illuminate/Cache/Repository->__call('flush', Array)
#15 C:/Users/pinhe/OneDrive/Documentos 1/Projetos/lexie_v2/api/vendor/laravel/framework/src/Illuminate/Container/BoundMethod.php(36): Illuminate/Cache/Console/ClearCommand->handle()
#16 C:/Users/pinhe/OneDrive/Documentos 1/Projetos/lexie_v2/api/vendor/laravel/framework/src/Illuminate/Container/Util.php(43): Illuminate/Container/BoundMethod::{closure:Illuminate/Container/BoundMethod::call():35}()
#17 C:/Users/pinhe/OneDrive/Documentos 1/Projetos/lexie_v2/api/vendor/laravel/framework/src/Illuminate/Container/BoundMethod.php(96): Illuminate/Container/Util::unwrapIfClosure(Object(Closure))
#18 C:/Users/pinhe/OneDrive/Documentos 1/Projetos/lexie_v2/api/vendor/laravel/framework/src/Illuminate/Container/BoundMethod.php(35): Illuminate/Container/BoundMethod::callBoundMethod(Object(Illuminate/Foundation/Application), Array, Object(Closure))
#19 C:/Users/pinhe/OneDrive/Documentos 1/Projetos/lexie_v2/api/vendor/laravel/framework/src/Illuminate/Container/Container.php(799): Illuminate/Container/BoundMethod::call(Object(Illuminate/Foundation/Application), Array, Array, NULL)
#20 C:/Users/pinhe/OneDrive/Documentos 1/Projetos/lexie_v2/api/vendor/laravel/framework/src/Illuminate/Console/Command.php(211): Illuminate/Container/Container->call(Array)
#21 C:/Users/pinhe/OneDrive/Documentos 1/Projetos/lexie_v2/api/vendor/symfony/console/Command/Command.php(341): Illuminate/Console/Command->execute(Object(Symfony/Component/Console/Input/ArrayInput), Object(Illuminate/Console/OutputStyle))
#22 C:/Users/pinhe/OneDrive/Documentos 1/Projetos/lexie_v2/api/vendor/laravel/framework/src/Illuminate/Console/Command.php(180): Symfony/Component/Console/Command/Command->run(Object(Symfony/Component/Console/Input/ArrayInput), Object(Illuminate/Console/OutputStyle))
#23 C:/Users/pinhe/OneDrive/Documentos 1/Projetos/lexie_v2/api/vendor/laravel/framework/src/Illuminate/Console/Concerns/CallsCommands.php(68): Illuminate/Console/Command->run(Object(Symfony/Component/Console/Input/ArrayInput), Object(Symfony/Component/Console/Output/NullOutput))
#24 C:/Users/pinhe/OneDrive/Documentos 1/Projetos/lexie_v2/api/vendor/laravel/framework/src/Illuminate/Console/Concerns/CallsCommands.php(41): Illuminate/Console/Command->runCommand('cache:clear', Array, Object(Symfony/Component/Console/Output/NullOutput))
#25 C:/Users/pinhe/OneDrive/Documentos 1/Projetos/lexie_v2/api/vendor/laravel/framework/src/Illuminate/Console/Concerns/CallsCommands.php(53): Illuminate/Console/Command->callSilent('cache:clear', Array)
#26 C:/Users/pinhe/OneDrive/Documentos 1/Projetos/lexie_v2/api/vendor/laravel/framework/src/Illuminate/Foundation/Console/OptimizeClearCommand.php(48): Illuminate/Console/Command->callSilently('cache:clear')
#27 C:/Users/pinhe/OneDrive/Documentos 1/Projetos/lexie_v2/api/vendor/laravel/framework/src/Illuminate/Console/View/Components/Task.php(41): Illuminate/Foundation/Console/OptimizeClearCommand->{closure:Illuminate/Foundation/Console/OptimizeClearCommand::handle():48}()
#28 C:/Users/pinhe/OneDrive/Documentos 1/Projetos/lexie_v2/api/vendor/laravel/framework/src/Illuminate/Console/View/Components/Factory.php(59): Illuminate/Console/View/Components/Task->render('cache', Object(Closure))
#29 C:/Users/pinhe/OneDrive/Documentos 1/Projetos/lexie_v2/api/vendor/laravel/framework/src/Illuminate/Foundation/Console/OptimizeClearCommand.php(48): Illuminate/Console/View/Components/Factory->__call('task', Array)
#30 C:/Users/pinhe/OneDrive/Documentos 1/Projetos/lexie_v2/api/vendor/laravel/framework/src/Illuminate/Container/BoundMethod.php(36): Illuminate/Foundation/Console/OptimizeClearCommand->handle()
#31 C:/Users/pinhe/OneDrive/Documentos 1/Projetos/lexie_v2/api/vendor/laravel/framework/src/Illuminate/Container/Util.php(43): Illuminate/Container/BoundMethod::{closure:Illuminate/Container/BoundMethod::call():35}()
#32 C:/Users/pinhe/OneDrive/Documentos 1/Projetos/lexie_v2/api/vendor/laravel/framework/src/Illuminate/Container/BoundMethod.php(96): Illuminate/Container/Util::unwrapIfClosure(Object(Closure))
#33 C:/Users/pinhe/OneDrive/Documentos 1/Projetos/lexie_v2/api/vendor/laravel/framework/src/Illuminate/Container/BoundMethod.php(35): Illuminate/Container/BoundMethod::callBoundMethod(Object(Illuminate/Foundation/Application), Array, Object(Closure))
#34 C:/Users/pinhe/OneDrive/Documentos 1/Projetos/lexie_v2/api/vendor/laravel/framework/src/Illuminate/Container/Container.php(799): Illuminate/Container/BoundMethod::call(Object(Illuminate/Foundation/Application), Array, Array, NULL)
#35 C:/Users/pinhe/OneDrive/Documentos 1/Projetos/lexie_v2/api/vendor/laravel/framework/src/Illuminate/Console/Command.php(211): Illuminate/Container/Container->call(Array)
#36 C:/Users/pinhe/OneDrive/Documentos 1/Projetos/lexie_v2/api/vendor/symfony/console/Command/Command.php(341): Illuminate/Console/Command->execute(Object(Symfony/Component/Console/Input/ArgvInput), Object(Illuminate/Console/OutputStyle))
#37 C:/Users/pinhe/OneDrive/Documentos 1/Projetos/lexie_v2/api/vendor/laravel/framework/src/Illuminate/Console/Command.php(180): Symfony/Component/Console/Command/Command->run(Object(Symfony/Component/Console/Input/ArgvInput), Object(Illuminate/Console/OutputStyle))
#38 C:/Users/pinhe/OneDrive/Documentos 1/Projetos/lexie_v2/api/vendor/symfony/console/Application.php(1102): Illuminate/Console/Command->run(Object(Symfony/Component/Console/Input/ArgvInput), Object(Symfony/Component/Console/Output/ConsoleOutput))
#39 C:/Users/pinhe/OneDrive/Documentos 1/Projetos/lexie_v2/api/vendor/symfony/console/Application.php(356): Symfony/Component/Console/Application->doRunCommand(Object(Illuminate/Foundation/Console/OptimizeClearCommand), Object(Symfony/Component/Console/Input/ArgvInput), Object(Symfony/Component/Console/Output/ConsoleOutput))
#40 C:/Users/pinhe/OneDrive/Documentos 1/Projetos/lexie_v2/api/vendor/symfony/console/Application.php(195): Symfony/Component/Console/Application->doRun(Object(Symfony/Component/Console/Input/ArgvInput), Object(Symfony/Component/Console/Output/ConsoleOutput))
#41 C:/Users/pinhe/OneDrive/Documentos 1/Projetos/lexie_v2/api/vendor/laravel/framework/src/Illuminate/Foundation/Console/Kernel.php(198): Symfony/Component/Console/Application->run(Object(Symfony/Component/Console/Input/ArgvInput), Object(Symfony/Component/Console/Output/ConsoleOutput))
#42 C:/Users/pinhe/OneDrive/Documentos 1/Projetos/lexie_v2/api/vendor/laravel/framework/src/Illuminate/Foundation/Application.php(1235): Illuminate/Foundation/Console/Kernel->handle(Object(Symfony/Component/Console/Input/ArgvInput), Object(Symfony/Component/Console/Output/ConsoleOutput))
#43 C:/Users/pinhe/OneDrive/Documentos 1/Projetos/lexie_v2/api/artisan(16): Illuminate/Foundation/Application->handleCommand(Object(Symfony/Component/Console/Input/ArgvInput))
#44 {main}
"} 
